// Jest Snapshot v1, https://goo.gl/fbAQLP

exports[`Search has a valid snapshot 1`] = `
<form
  onSubmit={[Function]}
>
  Search
  <input
    defaultValue="redux"
    onChange={[Function]}
    type="text"
  />
  <Connect(Button)>
    RESET
  </Connect(Button)>
</form>
`;
