// Jest Snapshot v1, https://goo.gl/fbAQLP

exports[`Header has a valid snapshot 1`] = `
<div
  className="table-header"
/>
`;
