// Jest Snapshot v1, https://goo.gl/fbAQLP

exports[`Nav has valid snapshot 1`] = `
<li
  className="nav-item active"
>
  <a
    className="nav-link "
    href="/"
    onClick={[Function]}
  >
    testLink
  </a>
</li>
`;
