// Jest Snapshot v1, https://goo.gl/fbAQLP

exports[`ResultsView has valid snapshot 1`] = `
<div
  className="container-fluid"
>
  <Item
    isFavorite={[Function]}
    item={
      Object {
        "author": "1",
        "created_at": "2018-04-03T09:35:47.000Z",
        "num_comments": 1,
        "objectID": "y",
        "points": 2,
        "title": "1",
      }
    }
    key="y"
    onAddFavorite={[Function]}
    onRemoveFavorite={[Function]}
  />
  <Item
    isFavorite={[Function]}
    item={
      Object {
        "author": "2",
        "created_at": "2018-04-03T09:35:47.000Z",
        "num_comments": 1,
        "objectID": "z",
        "points": 2,
        "title": "2",
      }
    }
    key="z"
    onAddFavorite={[Function]}
    onRemoveFavorite={[Function]}
  />
  <Connect(Paginator) />
</div>
`;
