// Jest Snapshot v1, https://goo.gl/fbAQLP

exports[`App has a valid snapshot 1`] = `
<div
  className="page"
>
  <Header />
  <span>
    HELLO
  </span>
  <div
    className="interactions"
  >
    <Connect(Search)>
       Search 
    </Connect(Search)>
  </div>
  <Connect(Table) />
  <wrapped
    isLoading={false}
  >
    More Articles
  </wrapped>
</div>
`;
