// Jest Snapshot v1, https://goo.gl/fbAQLP

exports[`Item has a valid snapshot 1`] = `
<div
  className="container-fluid item"
>
  <div
    className="list-inline"
  >
    <span
      className="list-inline-item"
    >
      <a
        className="h5 text-muted"
        href={undefined}
      >
        1
      </a>
    </span>
    <span
      className="list-inline-item"
    >
      <button
        className=""
        data-react-toolbox="button"
        disabled={false}
        href={undefined}
        onClick={[Function]}
        onMouseDown={[Function]}
        onMouseLeave={[Function]}
        onMouseUp={[Function]}
        onTouchStart={[Function]}
        type="button"
      >
        <span
          aria-label=""
          className="material-icons"
          data-react-toolbox="font-icon"
        >
          favorite
        </span>
      </button>
    </span>
  </div>
  <div
    className="list-inline"
  >
    <span
      className="list-inline-item"
    >
      Author: 
      1
    </span>
    <span
      className="list-inline-item"
    >
      Created: 
      a month ago
    </span>
    <span
      className="list-inline-item"
    >
      Comments: 
      1
    </span>
    <span
      className="list-inline-item"
    >
      Points: 
      2
    </span>
    <span
      className="list-inline-item"
    >
      <a
        className="text-muted"
        href={undefined}
      >
        (
        )
      </a>
    </span>
  </div>
  <hr />
</div>
`;
