// Jest Snapshot v1, https://goo.gl/fbAQLP

exports[`Item has a valid snapshot 1`] = `
<div
  className="table-row"
>
  <span
    style={
      Object {
        "width": "40%",
      }
    }
  >
    <a
      href={undefined}
    >
      1
    </a>
  </span>
  <span
    style={
      Object {
        "width": "30%",
      }
    }
  >
    1
  </span>
  <span
    style={
      Object {
        "width": "10%",
      }
    }
  >
    1
  </span>
  <span
    style={
      Object {
        "width": "10%",
      }
    }
  >
    2
  </span>
  <span
    style={
      Object {
        "width": "10%",
      }
    }
  >
    <button
      className="button-inline"
      onClick={[Function]}
      type="button"
    >
      Dismiss
    </button>
  </span>
</div>
`;
