// Jest Snapshot v1, https://goo.gl/fbAQLP

exports[`App has a valid snapshot 1`] = `
<div>
  <Route
    component={[Function]}
    path="/"
  />
  <main
    className="mt-3"
    role="main"
  >
    <Connect(Table) />
  </main>
</div>
`;
